// Jest Snapshot v1, https://goo.gl/fbAQLP

exports[`Pruebas en <FirstApp/> debe hacer match con el snapshot 1`] = `
<div>
   
  <h1
    data-testid="titleId"
  >
    Hola soy goku
  </h1>
  <p>
    no hay subtitulo
  </p>
  <p>
    no hay subtitulo
  </p>
</div>
`;
